// Jest Snapshot v1, https://goo.gl/fbAQLP

exports[`QuoterV2 quotes #quoteExactInput 0 -> 2 -> 1 1`] = `277060`;

exports[`QuoterV2 quotes #quoteExactInput 0 -> 2 cross 0 tick, starting tick initialized 1`] = `123754`;

exports[`QuoterV2 quotes #quoteExactInput 0 -> 2 cross 0 tick, starting tick not initialized 1`] = `100919`;

exports[`QuoterV2 quotes #quoteExactInput 0 -> 2 cross 1 tick 1`] = `144681`;

exports[`QuoterV2 quotes #quoteExactInput 0 -> 2 cross 2 tick 1`] = `182278`;

exports[`QuoterV2 quotes #quoteExactInput 0 -> 2 cross 2 tick where after is initialized 1`] = `144719`;

exports[`QuoterV2 quotes #quoteExactInput 2 -> 0 cross 0 tick, starting tick initialized 1`] = `97611`;

exports[`QuoterV2 quotes #quoteExactInput 2 -> 0 cross 0 tick, starting tick not initialized 1`] = `93736`;

exports[`QuoterV2 quotes #quoteExactInput 2 -> 0 cross 2 1`] = `175090`;

exports[`QuoterV2 quotes #quoteExactInput 2 -> 0 cross 2 where tick after is initialized 1`] = `175098`;

exports[`QuoterV2 quotes #quoteExactInput 2 -> 1 1`] = `97286`;

exports[`QuoterV2 quotes #quoteExactInputSingle 0 -> 2 1`] = `182260`;

exports[`QuoterV2 quotes #quoteExactInputSingle 2 -> 0 1`] = `175062`;

exports[`QuoterV2 quotes #quoteExactOutput 0 -> 2 -> 1 1`] = `276660`;

exports[`QuoterV2 quotes #quoteExactOutput 0 -> 2 cross 0 tick starting tick initialized 1`] = `123309`;

exports[`QuoterV2 quotes #quoteExactOutput 0 -> 2 cross 0 tick starting tick not initialized 1`] = `100494`;

exports[`QuoterV2 quotes #quoteExactOutput 0 -> 2 cross 1 tick 1`] = `143967`;

exports[`QuoterV2 quotes #quoteExactOutput 0 -> 2 cross 2 tick 1`] = `181320`;

exports[`QuoterV2 quotes #quoteExactOutput 0 -> 2 cross 2 where tick after is initialized 1`] = `144005`;

exports[`QuoterV2 quotes #quoteExactOutput 2 -> 0 cross 1 tick 1`] = `137815`;

exports[`QuoterV2 quotes #quoteExactOutput 2 -> 0 cross 2 ticks 1`] = `175160`;

exports[`QuoterV2 quotes #quoteExactOutput 2 -> 0 cross 2 where tick after is initialized 1`] = `175154`;

exports[`QuoterV2 quotes #quoteExactOutput 2 -> 1 1`] = `97827`;

exports[`QuoterV2 quotes #quoteExactOutputSingle 0 -> 1 1`] = `105157`;

exports[`QuoterV2 quotes #quoteExactOutputSingle 1 -> 0 1`] = `98468`;
